Resolving dependencies...
Downloading packages...
  app_links 6.4.1 (7.0.0 available)
  async 2.11.0 (2.13.0 available)
  audioplayers 6.5.1 (6.6.0 available)
  audioplayers_darwin 6.3.0 (6.4.0 available)
  audioplayers_web 5.1.1 (5.2.0 available)
  audioplayers_windows 4.2.1 (4.3.0 available)
  boolean_selector 2.1.1 (2.1.2 available)
  dart_jsonwebtoken 3.3.1 (3.3.2 available)
  ffi 2.1.3 (2.2.0 available)
  flame 1.30.1 (1.36.0 available)
  flame_audio 2.11.8 (2.12.0 available)
  flame_riverpod 5.4.17 (5.5.3 available)
  flutter_lints 5.0.0 (6.0.0 available)
  flutter_riverpod 2.6.1 (3.3.1 available)
  lints 5.1.1 (6.1.0 available)
  matcher 0.12.18 (0.12.19 available)
  meta 1.17.0 (1.18.1 available)
  path_provider_android 2.2.17 (2.2.22 available)
  path_provider_foundation 2.4.1 (2.6.0 available)
  riverpod 2.6.1 (3.2.1 available)
  shared_preferences 2.5.3 (2.5.4 available)
  shared_preferences_android 2.4.11 (2.4.21 available)
  shared_preferences_foundation 2.5.4 (2.5.6 available)
  source_span 1.10.0 (1.10.2 available)
  string_scanner 1.3.0 (1.4.1 available)
  synchronized 3.3.0+3 (3.4.0 available)
  term_glyph 1.2.1 (1.2.2 available)
  test_api 0.7.9 (0.7.10 available)
  uuid 4.5.2 (4.5.3 available)
  vm_service 14.3.0 (15.0.2 available)
Got dependencies!
30 packages have newer versions incompatible with dependency constraints.
Try `flutter pub outdated` for more information.
Building Windows application...                                 
flutter : lib/game/components/
towers/strategies/tower_attack
_strategy.dart(58,17): error G
297C951C: Can't find '}' to ma
tch '{'. [D:\00_Project\05_Def
ense\build\windows\x64\flutter
\flutter_assemble.vcxproj]
위치 줄:1 문자:1
+ flutter build windows > buil
d_errors.txt 2>&1 ; Get-Conten
t build_err ...
+ ~~~~~~~~~~~~~~~~~~~~~~~~~~~~
~~~~~~~~~~~~~~~~~
    + CategoryInfo          : 
    NotSpecified: (lib/game/  
  compon...semble.vcxproj]:   
 String) [], RemoteExcepti    
on
    + FullyQualifiedErrorId : 
    NativeCommandError
 
lib/game/components/towers/pro
jectile.dart(53,10): error GBA
DAF892: 'visualType' isn't an 
instance field of this class. 
[D:\00_Project\05_Defense\buil
d\windows\x64\flutter\flutter_
assemble.vcxproj]
lib/game/components/towers/pro
jectile.dart(95,9): error G412
7D1E8: The getter 'visualType'
 isn't defined for the type 'P
rojectile'. [D:\00_Project\05_
Defense\build\windows\x64\flut
ter\flutter_assemble.vcxproj]
lib/game/components/towers/pro
jectile.dart(95,23): error G41
27D1E8: The getter 'Projectile
Visual' isn't defined for the 
type 'Projectile'. [D:\00_Proj
ect\05_Defense\build\windows\x
64\flutter\flutter_assemble.vc
xproj]
lib/game/components/towers/pro
jectile.dart(100,16): error G4
127D1E8: The getter 'visualTyp
e' isn't defined for the type 
'Projectile'. [D:\00_Project\0
5_Defense\build\windows\x64\fl
utter\flutter_assemble.vcxproj
]
lib/game/components/towers/pro
jectile.dart(100,30): error G4
127D1E8: The getter 'Projectil
eVisual' isn't defined for the
 type 'Projectile'. [D:\00_Pro
ject\05_Defense\build\windows\
x64\flutter\flutter_assemble.v
cxproj]
lib/game/components/towers/str
ategies/tower_attack_strategy.
dart(57,19): error G4127D1E8: 
The getter 'ProjectileVisual' 
isn't defined for the type 'Ar
tillerySplashStrategy'. [D:\00
_Project\05_Defense\build\wind
ows\x64\flutter\flutter_assemb
le.vcxproj]
lib/game/components/towers/str
ategies/tower_attack_strategy.
dart(127,21): error G4127D1E8:
 The getter 'ProjectileVisual'
 isn't defined for the type 'S
hamanMagicStrategy'. [D:\00_Pr
oject\05_Defense\build\windows
\x64\flutter\flutter_assemble.
vcxproj]
C:\Program Files (x86)\Microso
ft Visual Studio\2022\BuildToo
ls\MSBuild\Microsoft\VC\v170\M
icrosoft.CppCommon.targets(254
,5): error MSB8066: 'D:\00_Pro
ject\05_Defense\build\windows\
x64\CMakeFiles\9eddc4db5df60eb
107ba326c7b2334c1\flutter_wind
ows.dll.rule;D:\00_Project\05_
Defense\build\windows\x64\CMak
eFiles\7ab4c1e07cbc75e85c7c592
96693b443\flutter_assemble.rul
e'??????ъ슜??吏??鍮뚮뱶媛 醫낅즺?섏뿀?
듬땲??肄붾뱶 1). [D:\00_Project\05_
Defense\build\windows\x64\flut
ter\flutter_assemble.vcxproj]
Building Windows application...                                    13.5s
Build process failed.
