error - lib\game\components\towers\strategies\tower_attack_strategy.dart:132:21 - The argument type 'Vector2' can't be assigned to the parameter type 'Offset'.  - argument_type_not_assignable
error - lib\game\components\towers\strategies\tower_attack_strategy.dart:132:28 - The argument type 'Vector2' can't be assigned to the parameter type 'Offset'.  - argument_type_not_assignable
error - lib\game\world\game_map.dart:158:5 - Undefined name '_cachedBackgroundImage'. Try correcting the name to one that is defined, or defining the name. - undefined_identifier
error - lib\game\world\game_map.dart:164:5 - Undefined name '_bgComponent'. Try correcting the name to one that is defined, or defining the name. - undefined_identifier
error - lib\game\world\game_map.dart:165:22 - Undefined name '_cachedBackgroundImage'. Try correcting the name to one that is defined, or defining the name. - undefined_identifier
error - lib\game\world\game_map.dart:170:9 - Undefined name '_bgComponent'. Try correcting the name to one that is defined, or defining the name. - undefined_identifier